Type-safe project accessors is an incubating feature.

> Configure project :app
Declaring dependencies using multi-string notation has been deprecated. This will fail with an error in Gradle 10. Please use single-string notation instead: "com.android.tools.lint:lint-gradle:31.12.3". Consult the upgrading guide for further information: https://docs.gradle.org/9.2.0/userguide/upgrading_version_9.html#dependency_multi_string_notation
Declaring dependencies using multi-string notation has been deprecated. This will fail with an error in Gradle 10. Please use single-string notation instead: "com.android.tools.build:aapt2:8.12.3-13700139:windows". Consult the upgrading guide for further information: https://docs.gradle.org/9.2.0/userguide/upgrading_version_9.html#dependency_multi_string_notation
WARNING: BuildType(benchmark): resValue 'string/floris_app_name' value is being replaced.

> Configure project :lib:native
WARNING: [CXX5106] NDK was located by using ndk.dir property. This method is deprecated and will be removed in a future release. Please delete ndk.dir from local.properties and set android.ndkVersion to [26.1.10909125] in all native modules in the project. https://developer.android.com/r/studio-ui/ndk-dir
[CXX5106] NDK was located by using ndk.dir property. This method is deprecated and will be removed in a future release. Please delete ndk.dir from local.properties and set android.ndkVersion to [26.1.10909125] in all native modules in the project. https://developer.android.com/r/studio-ui/ndk-dir
WARNING: [CXX5106] NDK was located by using ndk.dir property. This method is deprecated and will be removed in a future release. Please delete ndk.dir from local.properties and set android.ndkVersion to [26.1.10909125] in all native modules in the project. https://developer.android.com/r/studio-ui/ndk-dir
[CXX5106] NDK was located by using ndk.dir property. This method is deprecated and will be removed in a future release. Please delete ndk.dir from local.properties and set android.ndkVersion to [26.1.10909125] in all native modules in the project. https://developer.android.com/r/studio-ui/ndk-dir
WARNING: [CXX5106] NDK was located by using ndk.dir property. This method is deprecated and will be removed in a future release. Please delete ndk.dir from local.properties and set android.ndkVersion to [26.1.10909125] in all native modules in the project. https://developer.android.com/r/studio-ui/ndk-dir
[CXX5106] NDK was located by using ndk.dir property. This method is deprecated and will be removed in a future release. Please delete ndk.dir from local.properties and set android.ndkVersion to [26.1.10909125] in all native modules in the project. https://developer.android.com/r/studio-ui/ndk-dir
WARNING: [CXX5106] NDK was located by using ndk.dir property. This method is deprecated and will be removed in a future release. Please delete ndk.dir from local.properties and set android.ndkVersion to [26.1.10909125] in all native modules in the project. https://developer.android.com/r/studio-ui/ndk-dir
[CXX5106] NDK was located by using ndk.dir property. This method is deprecated and will be removed in a future release. Please delete ndk.dir from local.properties and set android.ndkVersion to [26.1.10909125] in all native modules in the project. https://developer.android.com/r/studio-ui/ndk-dir
WARNING: [CXX5106] NDK was located by using ndk.dir property. This method is deprecated and will be removed in a future release. Please delete ndk.dir from local.properties and set android.ndkVersion to [26.1.10909125] in all native modules in the project. https://developer.android.com/r/studio-ui/ndk-dir
[CXX5106] NDK was located by using ndk.dir property. This method is deprecated and will be removed in a future release. Please delete ndk.dir from local.properties and set android.ndkVersion to [26.1.10909125] in all native modules in the project. https://developer.android.com/r/studio-ui/ndk-dir
WARNING: [CXX5106] NDK was located by using ndk.dir property. This method is deprecated and will be removed in a future release. Please delete ndk.dir from local.properties and set android.ndkVersion to [26.1.10909125] in all native modules in the project. https://developer.android.com/r/studio-ui/ndk-dir
[CXX5106] NDK was located by using ndk.dir property. This method is deprecated and will be removed in a future release. Please delete ndk.dir from local.properties and set android.ndkVersion to [26.1.10909125] in all native modules in the project. https://developer.android.com/r/studio-ui/ndk-dir
WARNING: [CXX5106] NDK was located by using ndk.dir property. This method is deprecated and will be removed in a future release. Please delete ndk.dir from local.properties and set android.ndkVersion to [26.1.10909125] in all native modules in the project. https://developer.android.com/r/studio-ui/ndk-dir
[CXX5106] NDK was located by using ndk.dir property. This method is deprecated and will be removed in a future release. Please delete ndk.dir from local.properties and set android.ndkVersion to [26.1.10909125] in all native modules in the project. https://developer.android.com/r/studio-ui/ndk-dir
WARNING: [CXX5106] NDK was located by using ndk.dir property. This method is deprecated and will be removed in a future release. Please delete ndk.dir from local.properties and set android.ndkVersion to [26.1.10909125] in all native modules in the project. https://developer.android.com/r/studio-ui/ndk-dir
[CXX5106] NDK was located by using ndk.dir property. This method is deprecated and will be removed in a future release. Please delete ndk.dir from local.properties and set android.ndkVersion to [26.1.10909125] in all native modules in the project. https://developer.android.com/r/studio-ui/ndk-dir
WARNING: [CXX5106] NDK was located by using ndk.dir property. This method is deprecated and will be removed in a future release. Please delete ndk.dir from local.properties and set android.ndkVersion to [26.1.10909125] in all native modules in the project. https://developer.android.com/r/studio-ui/ndk-dir
[CXX5106] NDK was located by using ndk.dir property. This method is deprecated and will be removed in a future release. Please delete ndk.dir from local.properties and set android.ndkVersion to [26.1.10909125] in all native modules in the project. https://developer.android.com/r/studio-ui/ndk-dir
WARNING: [CXX5106] NDK was located by using ndk.dir property. This method is deprecated and will be removed in a future release. Please delete ndk.dir from local.properties and set android.ndkVersion to [26.1.10909125] in all native modules in the project. https://developer.android.com/r/studio-ui/ndk-dir
[CXX5106] NDK was located by using ndk.dir property. This method is deprecated and will be removed in a future release. Please delete ndk.dir from local.properties and set android.ndkVersion to [26.1.10909125] in all native modules in the project. https://developer.android.com/r/studio-ui/ndk-dir
WARNING: [CXX5106] NDK was located by using ndk.dir property. This method is deprecated and will be removed in a future release. Please delete ndk.dir from local.properties and set android.ndkVersion to [26.1.10909125] in all native modules in the project. https://developer.android.com/r/studio-ui/ndk-dir
[CXX5106] NDK was located by using ndk.dir property. This method is deprecated and will be removed in a future release. Please delete ndk.dir from local.properties and set android.ndkVersion to [26.1.10909125] in all native modules in the project. https://developer.android.com/r/studio-ui/ndk-dir
WARNING: [CXX5106] NDK was located by using ndk.dir property. This method is deprecated and will be removed in a future release. Please delete ndk.dir from local.properties and set android.ndkVersion to [26.1.10909125] in all native modules in the project. https://developer.android.com/r/studio-ui/ndk-dir
[CXX5106] NDK was located by using ndk.dir property. This method is deprecated and will be removed in a future release. Please delete ndk.dir from local.properties and set android.ndkVersion to [26.1.10909125] in all native modules in the project. https://developer.android.com/r/studio-ui/ndk-dir
WARNING: [CXX5106] NDK was located by using ndk.dir property. This method is deprecated and will be removed in a future release. Please delete ndk.dir from local.properties and set android.ndkVersion to [26.1.10909125] in all native modules in the project. https://developer.android.com/r/studio-ui/ndk-dir
[CXX5106] NDK was located by using ndk.dir property. This method is deprecated and will be removed in a future release. Please delete ndk.dir from local.properties and set android.ndkVersion to [26.1.10909125] in all native modules in the project. https://developer.android.com/r/studio-ui/ndk-dir
WARNING: [CXX5106] NDK was located by using ndk.dir property. This method is deprecated and will be removed in a future release. Please delete ndk.dir from local.properties and set android.ndkVersion to [26.1.10909125] in all native modules in the project. https://developer.android.com/r/studio-ui/ndk-dir
[CXX5106] NDK was located by using ndk.dir property. This method is deprecated and will be removed in a future release. Please delete ndk.dir from local.properties and set android.ndkVersion to [26.1.10909125] in all native modules in the project. https://developer.android.com/r/studio-ui/ndk-dir
WARNING: [CXX5106] NDK was located by using ndk.dir property. This method is deprecated and will be removed in a future release. Please delete ndk.dir from local.properties and set android.ndkVersion to [26.1.10909125] in all native modules in the project. https://developer.android.com/r/studio-ui/ndk-dir
[CXX5106] NDK was located by using ndk.dir property. This method is deprecated and will be removed in a future release. Please delete ndk.dir from local.properties and set android.ndkVersion to [26.1.10909125] in all native modules in the project. https://developer.android.com/r/studio-ui/ndk-dir
WARNING: [CXX5106] NDK was located by using ndk.dir property. This method is deprecated and will be removed in a future release. Please delete ndk.dir from local.properties and set android.ndkVersion to [26.1.10909125] in all native modules in the project. https://developer.android.com/r/studio-ui/ndk-dir
[CXX5106] NDK was located by using ndk.dir property. This method is deprecated and will be removed in a future release. Please delete ndk.dir from local.properties and set android.ndkVersion to [26.1.10909125] in all native modules in the project. https://developer.android.com/r/studio-ui/ndk-dir

> Task :lib:kotlin:checkKotlinGradlePluginConfigurationErrors SKIPPED
> Task :lib:android:preBuild UP-TO-DATE
> Task :lib:compose:preBuild UP-TO-DATE
> Task :lib:android:preDebugBuild UP-TO-DATE
> Task :lib:compose:preDebugBuild UP-TO-DATE
> Task :lib:native:preBuild UP-TO-DATE
> Task :lib:native:preDebugBuild UP-TO-DATE
> Task :lib:android:writeDebugAarMetadata UP-TO-DATE
> Task :lib:snygg:preBuild UP-TO-DATE
> Task :app:checkKotlinGradlePluginConfigurationErrors SKIPPED
> Task :lib:snygg:preDebugBuild UP-TO-DATE
> Task :app:preBuild UP-TO-DATE
> Task :lib:color:preBuild UP-TO-DATE
> Task :app:preDebugBuild UP-TO-DATE
> Task :lib:color:preDebugBuild UP-TO-DATE
> Task :app:generateDebugBuildConfig UP-TO-DATE
> Task :app:generateDebugResValues UP-TO-DATE
> Task :app:prepareLibraryDefinitionsDebug UP-TO-DATE
> Task :lib:snygg:writeDebugAarMetadata UP-TO-DATE
> Task :lib:native:writeDebugAarMetadata UP-TO-DATE
> Task :lib:snygg:generateDebugResValues UP-TO-DATE
> Task :lib:android:generateDebugResValues UP-TO-DATE
> Task :lib:snygg:generateDebugResources UP-TO-DATE
> Task :lib:android:generateDebugResources UP-TO-DATE
> Task :lib:snygg:packageDebugResources UP-TO-DATE
> Task :lib:compose:writeDebugAarMetadata UP-TO-DATE
> Task :lib:snygg:extractDeepLinksDebug UP-TO-DATE
> Task :lib:compose:generateDebugResValues UP-TO-DATE
> Task :lib:snygg:processDebugManifest UP-TO-DATE
> Task :lib:compose:generateDebugResources UP-TO-DATE
> Task :lib:snygg:compileDebugLibraryResources UP-TO-DATE
> Task :lib:compose:packageDebugResources UP-TO-DATE
> Task :lib:compose:extractDeepLinksDebug UP-TO-DATE
> Task :lib:snygg:parseDebugLocalResources UP-TO-DATE
> Task :lib:compose:processDebugManifest UP-TO-DATE
> Task :lib:compose:compileDebugLibraryResources UP-TO-DATE
> Task :lib:color:writeDebugAarMetadata UP-TO-DATE
> Task :lib:compose:parseDebugLocalResources UP-TO-DATE
> Task :lib:color:generateDebugResValues UP-TO-DATE
> Task :lib:native:generateDebugResValues UP-TO-DATE
> Task :lib:color:generateDebugResources UP-TO-DATE
> Task :lib:compose:generateDebugRFile UP-TO-DATE
> Task :lib:compose:checkKotlinGradlePluginConfigurationErrors SKIPPED
> Task :lib:native:generateDebugResources UP-TO-DATE
> Task :lib:snygg:generateDebugRFile UP-TO-DATE
> Task :lib:snygg:checkKotlinGradlePluginConfigurationErrors SKIPPED
> Task :lib:android:packageDebugResources UP-TO-DATE
> Task :lib:compose:javaPreCompileDebug UP-TO-DATE
> Task :lib:snygg:javaPreCompileDebug UP-TO-DATE
> Task :lib:android:extractDeepLinksDebug UP-TO-DATE
> Task :lib:color:packageDebugResources UP-TO-DATE
> Task :lib:color:extractDeepLinksDebug UP-TO-DATE
> Task :lib:native:packageDebugResources UP-TO-DATE
> Task :lib:android:processDebugManifest UP-TO-DATE
> Task :lib:native:extractDeepLinksDebug UP-TO-DATE
> Task :lib:color:processDebugManifest UP-TO-DATE
> Task :lib:android:compileDebugLibraryResources UP-TO-DATE
> Task :lib:kotlin:compileKotlin UP-TO-DATE
> Task :lib:color:compileDebugLibraryResources UP-TO-DATE
> Task :lib:kotlin:compileJava NO-SOURCE
> Task :lib:kotlin:processResources NO-SOURCE
> Task :lib:kotlin:classes UP-TO-DATE
> Task :lib:native:processDebugManifest UP-TO-DATE
> Task :lib:android:parseDebugLocalResources UP-TO-DATE
> Task :lib:native:compileDebugLibraryResources UP-TO-DATE
> Task :lib:kotlin:jar UP-TO-DATE
> Task :lib:android:generateDebugRFile UP-TO-DATE
> Task :lib:android:checkKotlinGradlePluginConfigurationErrors SKIPPED
> Task :lib:color:parseDebugLocalResources UP-TO-DATE
> Task :lib:android:javaPreCompileDebug UP-TO-DATE
> Task :lib:color:generateDebugRFile UP-TO-DATE
> Task :lib:color:checkKotlinGradlePluginConfigurationErrors SKIPPED
> Task :lib:color:javaPreCompileDebug UP-TO-DATE
> Task :lib:native:parseDebugLocalResources UP-TO-DATE
> Task :lib:native:generateDebugRFile UP-TO-DATE
> Task :lib:native:checkKotlinGradlePluginConfigurationErrors SKIPPED
> Task :lib:native:compileDebugKotlin UP-TO-DATE
> Task :lib:native:javaPreCompileDebug UP-TO-DATE
> Task :lib:native:compileDebugJavaWithJavac NO-SOURCE
> Task :lib:native:bundleLibCompileToJarDebug UP-TO-DATE
> Task :app:generateDebugResources
> Task :app:checkDebugAarMetadata UP-TO-DATE
> Task :app:mapDebugSourceSetPaths

> Task :app:mergeDebugResources
C:\Users\balaj\keucdjdnj\app\src\main\res\values-hu\strings.xml:843:4: Multiple substitutions specified in non-positional format of string resource string/ext__validation__hint_value_above_50_percent. Did you mean to add the formatted="false" attribute?
C:\Users\balaj\keucdjdnj\app\src\main\res\values-pt\strings.xml:842:4: Multiple substitutions specified in non-positional format of string resource string/ext__validation__hint_value_above_50_percent. Did you mean to add the formatted="false" attribute?
C:\Users\balaj\keucdjdnj\app\src\main\res\values-it\strings.xml:679:4: Multiple substitutions specified in non-positional format of string resource string/ext__validation__hint_value_above_50_percent. Did you mean to add the formatted="false" attribute?
C:\Users\balaj\keucdjdnj\app\src\main\res\values-ja\strings.xml:802:4: Multiple substitutions specified in non-positional format of string resource string/ext__validation__hint_value_above_50_percent. Did you mean to add the formatted="false" attribute?
C:\Users\balaj\keucdjdnj\app\src\main\res\values-bg\strings.xml:840:4: Multiple substitutions specified in non-positional format of string resource string/ext__validation__hint_value_above_50_percent. Did you mean to add the formatted="false" attribute?
C:\Users\balaj\keucdjdnj\app\src\main\res\values-ru\strings.xml:844:4: Multiple substitutions specified in non-positional format of string resource string/ext__validation__hint_value_above_50_percent. Did you mean to add the formatted="false" attribute?
C:\Users\balaj\keucdjdnj\app\src\main\res\values-ca\strings.xml:745:4: Multiple substitutions specified in non-positional format of string resource string/ext__validation__hint_value_above_50_percent. Did you mean to add the formatted="false" attribute?
C:\Users\balaj\keucdjdnj\app\src\main\res\values-tr\strings.xml:831:4: Multiple substitutions specified in non-positional format of string resource string/ext__validation__hint_value_above_50_percent. Did you mean to add the formatted="false" attribute?
C:\Users\balaj\keucdjdnj\app\src\main\res\values-fr\strings.xml:754:4: Multiple substitutions specified in non-positional format of string resource string/ext__validation__hint_value_above_50_percent. Did you mean to add the formatted="false" attribute?
C:\Users\balaj\keucdjdnj\app\src\main\res\values-es\strings.xml:844:4: Multiple substitutions specified in non-positional format of string resource string/ext__validation__hint_value_above_50_percent. Did you mean to add the formatted="false" attribute?
C:\Users\balaj\keucdjdnj\app\src\main\res\values-pt-rBR\strings.xml:698:4: Multiple substitutions specified in non-positional format of string resource string/ext__validation__hint_value_above_50_percent. Did you mean to add the formatted="false" attribute?
C:\Users\balaj\keucdjdnj\app\src\main\res\values-zh-rCN\strings.xml:827:4: Multiple substitutions specified in non-positional format of string resource string/ext__validation__hint_value_above_50_percent. Did you mean to add the formatted="false" attribute?
C:\Users\balaj\keucdjdnj\app\src\main\res\values-uk\strings.xml:710:4: Multiple substitutions specified in non-positional format of string resource string/ext__validation__hint_value_above_50_percent. Did you mean to add the formatted="false" attribute?
C:\Users\balaj\keucdjdnj\app\src\main\res\values-pl\strings.xml:844:4: Multiple substitutions specified in non-positional format of string resource string/ext__validation__hint_value_above_50_percent. Did you mean to add the formatted="false" attribute?
C:\Users\balaj\keucdjdnj\app\src\main\res\values-in\strings.xml:830:4: Multiple substitutions specified in non-positional format of string resource string/ext__validation__hint_value_above_50_percent. Did you mean to add the formatted="false" attribute?
C:\Users\balaj\keucdjdnj\app\src\main\res\values-lv-rLV\strings.xml:805:4: Multiple substitutions specified in non-positional format of string resource string/ext__validation__hint_value_above_50_percent. Did you mean to add the formatted="false" attribute?
C:\Users\balaj\keucdjdnj\app\src\main\res\values-de\strings.xml:741:4: Multiple substitutions specified in non-positional format of string resource string/ext__validation__hint_value_above_50_percent. Did you mean to add the formatted="false" attribute?

> Task :app:packageDebugResources
> Task :app:createDebugCompatibleScreenManifests
> Task :app:extractDeepLinksDebug
> Task :app:parseDebugLocalResources
> Task :lib:android:compileDebugKotlin
> Task :lib:android:compileDebugJavaWithJavac NO-SOURCE
> Task :lib:android:bundleLibCompileToJarDebug
> Task :app:processDebugMainManifest
> Task :app:processDebugManifest
> Task :app:processDebugManifestForPackage
> Task :lib:color:compileDebugKotlin
> Task :lib:color:compileDebugJavaWithJavac NO-SOURCE
> Task :lib:color:bundleLibCompileToJarDebug
> Task :app:processDebugResources

> Task :lib:compose:compileDebugKotlin
w: ATTENTION!
This build uses unsafe internal compiler arguments:

-XXLanguage:+ContextParameters

This mode is not recommended for production use,
as no stability/compatibility guarantees are given on
compiler or generated code. Use it at your own risk!


> Task :lib:compose:compileDebugJavaWithJavac NO-SOURCE
> Task :lib:compose:bundleLibCompileToJarDebug
> Task :lib:snygg:compileDebugKotlin
> Task :lib:snygg:compileDebugJavaWithJavac NO-SOURCE
> Task :lib:snygg:bundleLibCompileToJarDebug

> Task :app:kspDebugKotlin
w: [ksp] C:/Users/balaj/keucdjdnj/app/src/main/kotlin/dev/patrickgold/florisboard/ime/dictionary/UserDictionary.kt:119: The DAO function return type (kotlin.collections.List<dev.patrickgold.florisboard.lib.FlorisLocale?>) with the nullable type argument is meaningless because for now Room will never put a null value in a result.

> Task :app:compileDebugKotlin
w: ATTENTION!
This build uses unsafe internal compiler arguments:

-XXLanguage:+ContextParameters
-XXLanguage:+LocalTypeAliases

This mode is not recommended for production use,
as no stability/compatibility guarantees are given on
compiler or generated code. Use it at your own risk!

.\gradlew : e: file:///C:/Us
ers/balaj/keucdjdnj/app/src/
main/kotlin/dev/patrickgold/
florisboard/app/settings/typ
ing/TypingScreen.kt:67:49 
Unresolved reference 
'prefs'.
At line:1 char:1
+ .\gradlew 
:app:compileDebugKotlin 
--console=plain > 
build_errors.txt  ...
+ ~~~~~~~~~~~~~~~~~~~~~~~~~~
~~~~~~~~~~~~~~~~~~~~~~~~~~~~
~~~~~~~~~~~~~~~
    + CategoryInfo          
    : NotSpecified: (e: fi  
  le:///C:/U...erence 'pr   
 efs'.:String) [], Remot    
eException
    + FullyQualifiedErrorId 
    : NativeCommandError
 
w: Following manually enabled features will force generation of pre-release binaries: LocalTypeAliases
e: file:///C:/Users/balaj/ke
ucdjdnj/app/src/main/kotlin/
dev/patrickgold/florisboard/
app/settings/typing/TypingSc
reen.kt:136:38 Assignment 
type mismatch: actual type 
is 'String', but 
'MatchGroup?' was expected.
e: file:///C:/Users/balaj/ke
ucdjdnj/app/src/main/kotlin/
dev/patrickgold/florisboard/
app/settings/typing/TypingSc
reen.kt:146:62 Suspend 
function 'suspend fun 
set(value: String): 
Result<Unit>' can only be 
called from a coroutine or 
another suspend function.
e: file:///C:/Users/balaj/ke
ucdjdnj/app/src/main/kotlin/
dev/patrickgold/florisboard/
app/settings/typing/TypingSc
reen.kt:146:66 Argument 
type mismatch: actual type 
is 'MatchGroup?', but 
'String' was expected.
e: file:///C:/Users/balaj/ke
ucdjdnj/app/src/main/kotlin/
dev/patrickgold/florisboard/
app/settings/typing/TypingSc
reen.kt:153:29 None of the 
following candidates is 
applicable:

fun 
OutlinedTextField(value: 
String, onValueChange: 
(String) -> Unit, modifier: 
Modifier = ..., enabled: 
Boolean = ..., readOnly: 
Boolean = ..., textStyle: 
TextStyle = ..., label: 
ComposableFunction0<Unit>? 
= ..., placeholder: 
ComposableFunction0<Unit>? 
= ..., leadingIcon: 
ComposableFunction0<Unit>? 
= ..., trailingIcon: 
ComposableFunction0<Unit>? 
= ..., prefix: 
ComposableFunction0<Unit>? 
= ..., suffix: 
ComposableFunction0<Unit>? 
= ..., supportingText: 
ComposableFunction0<Unit>? 
= ..., isError: Boolean = 
..., visualTransformation: 
VisualTransformation = ..., 
keyboardOptions: 
KeyboardOptions = ..., 
keyboardActions: 
KeyboardActions = ..., 
singleLine: Boolean = ..., 
maxLines: Int = ..., 
minLines: Int = ..., 
interactionSource: 
MutableInteractionSource? = 
..., shape: Shape = ..., 
colors: TextFieldColors = 
...): Unit:
  Argument type mismatch: 
actual type is 
'MatchGroup?', but 'String' 
was expected.

fun 
OutlinedTextField(value: 
TextFieldValue, 
onValueChange: 
(TextFieldValue) -> Unit, 
modifier: Modifier = ..., 
enabled: Boolean = ..., 
readOnly: Boolean = ..., 
textStyle: TextStyle = ..., 
label: 
ComposableFunction0<Unit>? 
= ..., placeholder: 
ComposableFunction0<Unit>? 
= ..., leadingIcon: 
ComposableFunction0<Unit>? 
= ..., trailingIcon: 
ComposableFunction0<Unit>? 
= ..., prefix: 
ComposableFunction0<Unit>? 
= ..., suffix: 
ComposableFunction0<Unit>? 
= ..., supportingText: 
ComposableFunction0<Unit>? 
= ..., isError: Boolean = 
..., visualTransformation: 
VisualTransformation = ..., 
keyboardOptions: 
KeyboardOptions = ..., 
keyboardActions: 
KeyboardActions = ..., 
singleLine: Boolean = ..., 
maxLines: Int = ..., 
minLines: Int = ..., 
interactionSource: 
MutableInteractionSource? = 
..., shape: Shape = ..., 
colors: TextFieldColors = 
...): Unit:
  Argument type mismatch: 
actual type is 
'MatchGroup?', but 
'TextFieldValue' was 
expected.
e: file:///C:/Users/balaj/ke
ucdjdnj/app/src/main/kotlin/
dev/patrickgold/florisboard/
app/settings/typing/TypingSc
reen.kt:155:64 Unresolved 
reference 'it'.
e: file:///C:/Users/balaj/ke
ucdjdnj/app/src/main/kotlin/
dev/patrickgold/florisboard/
app/settings/typing/TypingSc
reen.kt:156:43 @Composable 
invocations can only happen 
from the context of a 
@Composable function
e: file:///C:/Users/balaj/ke
ucdjdnj/app/src/main/kotlin/
dev/patrickgold/florisboard/
ime/nlp/NlpManager.kt:108:42
 Unresolved reference 
'collectLatestIn'.
e: file:///C:/Users/balaj/ke
ucdjdnj/app/src/main/kotlin/
dev/patrickgold/florisboard/
ime/nlp/NlpManager.kt:111:43
 Unresolved reference 
'collectLatestIn'.
e: file:///C:/Users/balaj/ke
ucdjdnj/app/src/main/kotlin/
dev/patrickgold/florisboard/
ime/nlp/NlpManager.kt:114:52
 Unresolved reference 
'collectLatestIn'.
e: file:///C:/Users/balaj/ke
ucdjdnj/app/src/main/kotlin/
dev/patrickgold/florisboard/
ime/nlp/NlpManager.kt:117:48
 Unresolved reference 
'collectLatestIn'.
e: file:///C:/Users/balaj/ke
ucdjdnj/app/src/main/kotlin/
dev/patrickgold/florisboard/
ime/nlp/NlpManager.kt:120:42
 Unresolved reference 
'collectLatestIn'.

> Task :app:compileDebugKotlin FAILED

[Incubating] Problems report is available at: file:///C:/Users/balaj/keucdjdnj/build/reports/problems/problems-report.html

FAILURE: Build failed with 
an exception.

* What went wrong:
Execution failed for task 
':app:compileDebugKotlin'.
> A failure occurred while 
executing org.jetbrains.kotl
in.compilerRunner.GradleComp
ilerRunnerWithWorkers$Gradle
KotlinCompilerWorkAction
   > Compilation error. See 
log for more details

* Try:
> Run with --stacktrace 
option to get the stack 
trace.
> Run with --info or 
--debug option to get more 
log output.
> Run with --scan to 
generate a Build Scan 
(powered by Develocity).
> Get more help at 
https://help.gradle.org.

BUILD FAILED in 1m 45s
79 actionable tasks: 21 executed, 58 up-to-date
